src/pages/staff/marketing/MarketingCenter.tsx(160,42): error TS2322: Type '{ items: ({ label: string; path: string; } | { label: string; active: boolean; })[]; }' is not assignable to type 'IntrinsicAttributes'.
  Property 'items' does not exist on type 'IntrinsicAttributes'.
