src/pages/staff/ServiceManager.tsx(24,24): error TS6142: Module '../../components/BackButton' was resolved to 'C:/Users/oidem/.gemini/antigravity/scratch/7pet-mvp/frontend/src/components/BackButton.tsx', but '--jsx' is not set.
src/pages/staff/ServiceManager.tsx(25,25): error TS6142: Module '../../components/staff/Breadcrumbs' was resolved to 'C:/Users/oidem/.gemini/antigravity/scratch/7pet-mvp/frontend/src/components/staff/Breadcrumbs.tsx', but '--jsx' is not set.
src/pages/staff/ServiceManager.tsx(338,9): error TS17004: Cannot use JSX unless the '--jsx' flag is provided.
src/pages/staff/ServiceManager.tsx(339,13): error TS17004: Cannot use JSX unless the '--jsx' flag is provided.
src/pages/staff/ServiceManager.tsx(340,17): error TS17004: Cannot use JSX unless the '--jsx' flag is provided.
src/pages/staff/ServiceManager.tsx(341,17): error TS17004: Cannot use JSX unless the '--jsx' flag is provided.
src/pages/staff/ServiceManager.tsx(342,17): error TS17004: Cannot use JSX unless the '--jsx' flag is provided.
src/pages/staff/ServiceManager.tsx(343,21): error TS17004: Cannot use JSX unless the '--jsx' flag is provided.
src/pages/staff/ServiceManager.tsx(344,25): error TS17004: Cannot use JSX unless the '--jsx' flag is provided.
src/pages/staff/ServiceManager.tsx(345,29): error TS17004: Cannot use JSX unless the '--jsx' flag is provided.
src/pages/staff/ServiceManager.tsx(348,25): error TS17004: Cannot use JSX unless the '--jsx' flag is provided.
src/pages/staff/ServiceManager.tsx(349,29): error TS17004: Cannot use JSX unless the '--jsx' flag is provided.
src/pages/staff/ServiceManager.tsx(353,33): error TS17004: Cannot use JSX unless the '--jsx' flag is provided.
src/pages/staff/ServiceManager.tsx(355,29): error TS17004: Cannot use JSX unless the '--jsx' flag is provided.
src/pages/staff/ServiceManager.tsx(359,33): error TS17004: Cannot use JSX unless the '--jsx' flag is provided.
src/pages/staff/ServiceManager.tsx(364,21): error TS17004: Cannot use JSX unless the '--jsx' flag is provided.
src/pages/staff/ServiceManager.tsx(365,25): error TS17004: Cannot use JSX unless the '--jsx' flag is provided.
src/pages/staff/ServiceManager.tsx(369,29): error TS17004: Cannot use JSX unless the '--jsx' flag is provided.
src/pages/staff/ServiceManager.tsx(370,29): error TS17004: Cannot use JSX unless the '--jsx' flag is provided.
src/pages/staff/ServiceManager.tsx(373,25): error TS17004: Cannot use JSX unless the '--jsx' flag is provided.
src/pages/staff/ServiceManager.tsx(374,29): error TS17004: Cannot use JSX unless the '--jsx' flag is provided.
src/pages/staff/ServiceManager.tsx(375,29): error TS17004: Cannot use JSX unless the '--jsx' flag is provided.
src/pages/staff/ServiceManager.tsx(385,25): error TS17004: Cannot use JSX unless the '--jsx' flag is provided.
src/pages/staff/ServiceManager.tsx(389,29): error TS17004: Cannot use JSX unless the '--jsx' flag is provided.
src/pages/staff/ServiceManager.tsx(390,29): error TS17004: Cannot use JSX unless the '--jsx' flag is provided.
src/pages/staff/ServiceManager.tsx(392,33): error TS17004: Cannot use JSX unless the '--jsx' flag is provided.
src/pages/staff/ServiceManager.tsx(398,25): error TS17004: Cannot use JSX unless the '--jsx' flag is provided.
src/pages/staff/ServiceManager.tsx(399,29): error TS17004: Cannot use JSX unless the '--jsx' flag is provided.
src/pages/staff/ServiceManager.tsx(404,33): error TS17004: Cannot use JSX unless the '--jsx' flag is provided.
src/pages/staff/ServiceManager.tsx(407,29): error TS17004: Cannot use JSX unless the '--jsx' flag is provided.
src/pages/staff/ServiceManager.tsx(415,33): error TS17004: Cannot use JSX unless the '--jsx' flag is provided.
src/pages/staff/ServiceManager.tsx(416,53): error TS17004: Cannot use JSX unless the '--jsx' flag is provided.
src/pages/staff/ServiceManager.tsx(420,29): error TS17004: Cannot use JSX unless the '--jsx' flag is provided.
src/pages/staff/ServiceManager.tsx(421,33): error TS17004: Cannot use JSX unless the '--jsx' flag is provided.
src/pages/staff/ServiceManager.tsx(426,37): error TS17004: Cannot use JSX unless the '--jsx' flag is provided.
src/pages/staff/ServiceManager.tsx(428,33): error TS17004: Cannot use JSX unless the '--jsx' flag is provided.
src/pages/staff/ServiceManager.tsx(433,37): error TS17004: Cannot use JSX unless the '--jsx' flag is provided.
src/pages/staff/ServiceManager.tsx(437,29): error TS17004: Cannot use JSX unless the '--jsx' flag is provided.
src/pages/staff/ServiceManager.tsx(438,33): error TS17004: Cannot use JSX unless the '--jsx' flag is provided.
src/pages/staff/ServiceManager.tsx(440,29): error TS17004: Cannot use JSX unless the '--jsx' flag is provided.
src/pages/staff/ServiceManager.tsx(441,33): error TS17004: Cannot use JSX unless the '--jsx' flag is provided.
src/pages/staff/ServiceManager.tsx(448,13): error TS17004: Cannot use JSX unless the '--jsx' flag is provided.
src/pages/staff/ServiceManager.tsx(450,21): error TS17004: Cannot use JSX unless the '--jsx' flag is provided.
src/pages/staff/ServiceManager.tsx(456,25): error TS17004: Cannot use JSX unless the '--jsx' flag is provided.
src/pages/staff/ServiceManager.tsx(457,29): error TS17004: Cannot use JSX unless the '--jsx' flag is provided.
src/pages/staff/ServiceManager.tsx(463,29): error TS17004: Cannot use JSX unless the '--jsx' flag is provided.
src/pages/staff/ServiceManager.tsx(464,33): error TS17004: Cannot use JSX unless the '--jsx' flag is provided.
src/pages/staff/ServiceManager.tsx(468,25): error TS17004: Cannot use JSX unless the '--jsx' flag is provided.
src/pages/staff/ServiceManager.tsx(469,25): error TS17004: Cannot use JSX unless the '--jsx' flag is provided.
src/pages/staff/ServiceManager.tsx(470,29): error TS17004: Cannot use JSX unless the '--jsx' flag is provided.
src/pages/staff/ServiceManager.tsx(477,33): error TS17004: Cannot use JSX unless the '--jsx' flag is provided.
src/pages/staff/ServiceManager.tsx(478,37): error TS17004: Cannot use JSX unless the '--jsx' flag is provided.
src/pages/staff/ServiceManager.tsx(483,41): error TS17004: Cannot use JSX unless the '--jsx' flag is provided.
src/pages/staff/ServiceManager.tsx(485,37): error TS17004: Cannot use JSX unless the '--jsx' flag is provided.
src/pages/staff/ServiceManager.tsx(490,41): error TS17004: Cannot use JSX unless the '--jsx' flag is provided.
src/pages/staff/ServiceManager.tsx(494,33): error TS17004: Cannot use JSX unless the '--jsx' flag is provided.
src/pages/staff/ServiceManager.tsx(499,37): error TS17004: Cannot use JSX unless the '--jsx' flag is provided.
src/pages/staff/ServiceManager.tsx(508,13): error TS17004: Cannot use JSX unless the '--jsx' flag is provided.
src/pages/staff/ServiceManager.tsx(510,21): error TS17004: Cannot use JSX unless the '--jsx' flag is provided.
src/pages/staff/ServiceManager.tsx(516,25): error TS17004: Cannot use JSX unless the '--jsx' flag is provided.
src/pages/staff/ServiceManager.tsx(517,29): error TS17004: Cannot use JSX unless the '--jsx' flag is provided.
src/pages/staff/ServiceManager.tsx(518,33): error TS17004: Cannot use JSX unless the '--jsx' flag is provided.
src/pages/staff/ServiceManager.tsx(519,37): error TS17004: Cannot use JSX unless the '--jsx' flag is provided.
src/pages/staff/ServiceManager.tsx(523,37): error TS17004: Cannot use JSX unless the '--jsx' flag is provided.
src/pages/staff/ServiceManager.tsx(533,41): error TS17004: Cannot use JSX unless the '--jsx' flag is provided.
src/pages/staff/ServiceManager.tsx(539,29): error TS17004: Cannot use JSX unless the '--jsx' flag is provided.
src/pages/staff/ServiceManager.tsx(541,33): error TS17004: Cannot use JSX unless the '--jsx' flag is provided.
src/pages/staff/ServiceManager.tsx(542,37): error TS17004: Cannot use JSX unless the '--jsx' flag is provided.
src/pages/staff/ServiceManager.tsx(545,37): error TS17004: Cannot use JSX unless the '--jsx' flag is provided.
src/pages/staff/ServiceManager.tsx(550,41): error TS17004: Cannot use JSX unless the '--jsx' flag is provided.
src/pages/staff/ServiceManager.tsx(552,45): error TS17004: Cannot use JSX unless the '--jsx' flag is provided.
src/pages/staff/ServiceManager.tsx(558,33): error TS17004: Cannot use JSX unless the '--jsx' flag is provided.
src/pages/staff/ServiceManager.tsx(559,37): error TS17004: Cannot use JSX unless the '--jsx' flag is provided.
src/pages/staff/ServiceManager.tsx(562,37): error TS17004: Cannot use JSX unless the '--jsx' flag is provided.
src/pages/staff/ServiceManager.tsx(567,41): error TS17004: Cannot use JSX unless the '--jsx' flag is provided.
src/pages/staff/ServiceManager.tsx(569,45): error TS17004: Cannot use JSX unless the '--jsx' flag is provided.
src/pages/staff/ServiceManager.tsx(575,33): error TS17004: Cannot use JSX unless the '--jsx' flag is provided.
src/pages/staff/ServiceManager.tsx(576,37): error TS17004: Cannot use JSX unless the '--jsx' flag is provided.
src/pages/staff/ServiceManager.tsx(579,37): error TS17004: Cannot use JSX unless the '--jsx' flag is provided.
src/pages/staff/ServiceManager.tsx(584,41): error TS17004: Cannot use JSX unless the '--jsx' flag is provided.
src/pages/staff/ServiceManager.tsx(586,45): error TS17004: Cannot use JSX unless the '--jsx' flag is provided.
src/pages/staff/ServiceManager.tsx(592,33): error TS17004: Cannot use JSX unless the '--jsx' flag is provided.
src/pages/staff/ServiceManager.tsx(593,37): error TS17004: Cannot use JSX unless the '--jsx' flag is provided.
src/pages/staff/ServiceManager.tsx(596,37): error TS17004: Cannot use JSX unless the '--jsx' flag is provided.
src/pages/staff/ServiceManager.tsx(601,41): error TS17004: Cannot use JSX unless the '--jsx' flag is provided.
src/pages/staff/ServiceManager.tsx(603,45): error TS17004: Cannot use JSX unless the '--jsx' flag is provided.
src/pages/staff/ServiceManager.tsx(609,33): error TS17004: Cannot use JSX unless the '--jsx' flag is provided.
src/pages/staff/ServiceManager.tsx(610,37): error TS17004: Cannot use JSX unless the '--jsx' flag is provided.
src/pages/staff/ServiceManager.tsx(613,37): error TS17004: Cannot use JSX unless the '--jsx' flag is provided.
src/pages/staff/ServiceManager.tsx(618,41): error TS17004: Cannot use JSX unless the '--jsx' flag is provided.
src/pages/staff/ServiceManager.tsx(620,45): error TS17004: Cannot use JSX unless the '--jsx' flag is provided.
src/pages/staff/ServiceManager.tsx(628,33): error TS17004: Cannot use JSX unless the '--jsx' flag is provided.
src/pages/staff/ServiceManager.tsx(629,37): error TS17004: Cannot use JSX unless the '--jsx' flag is provided.
src/pages/staff/ServiceManager.tsx(630,37): error TS17004: Cannot use JSX unless the '--jsx' flag is provided.
src/pages/staff/ServiceManager.tsx(632,45): error TS17004: Cannot use JSX unless the '--jsx' flag is provided.
src/pages/staff/ServiceManager.tsx(634,49): error TS17004: Cannot use JSX unless the '--jsx' flag is provided.
src/pages/staff/ServiceManager.tsx(635,53): error TS17004: Cannot use JSX unless the '--jsx' flag is provided.
src/pages/staff/ServiceManager.tsx(640,45): error TS17004: Cannot use JSX unless the '--jsx' flag is provided.
src/pages/staff/ServiceManager.tsx(642,49): error TS17004: Cannot use JSX unless the '--jsx' flag is provided.
src/pages/staff/ServiceManager.tsx(643,53): error TS17004: Cannot use JSX unless the '--jsx' flag is provided.
src/pages/staff/ServiceManager.tsx(648,45): error TS17004: Cannot use JSX unless the '--jsx' flag is provided.
src/pages/staff/ServiceManager.tsx(650,49): error TS17004: Cannot use JSX unless the '--jsx' flag is provided.
src/pages/staff/ServiceManager.tsx(651,53): error TS17004: Cannot use JSX unless the '--jsx' flag is provided.
src/pages/staff/ServiceManager.tsx(656,45): error TS17004: Cannot use JSX unless the '--jsx' flag is provided.
src/pages/staff/ServiceManager.tsx(658,49): error TS17004: Cannot use JSX unless the '--jsx' flag is provided.
src/pages/staff/ServiceManager.tsx(659,53): error TS17004: Cannot use JSX unless the '--jsx' flag is provided.
src/pages/staff/ServiceManager.tsx(664,45): error TS17004: Cannot use JSX unless the '--jsx' flag is provided.
src/pages/staff/ServiceManager.tsx(666,49): error TS17004: Cannot use JSX unless the '--jsx' flag is provided.
src/pages/staff/ServiceManager.tsx(667,53): error TS17004: Cannot use JSX unless the '--jsx' flag is provided.
src/pages/staff/ServiceManager.tsx(681,17): error TS17004: Cannot use JSX unless the '--jsx' flag is provided.
src/pages/staff/ServiceManager.tsx(682,21): error TS17004: Cannot use JSX unless the '--jsx' flag is provided.
src/pages/staff/ServiceManager.tsx(683,25): error TS17004: Cannot use JSX unless the '--jsx' flag is provided.
src/pages/staff/ServiceManager.tsx(684,29): error TS17004: Cannot use JSX unless the '--jsx' flag is provided.
src/pages/staff/ServiceManager.tsx(685,33): error TS17004: Cannot use JSX unless the '--jsx' flag is provided.
src/pages/staff/ServiceManager.tsx(687,41): error TS17004: Cannot use JSX unless the '--jsx' flag is provided.
src/pages/staff/ServiceManager.tsx(691,119): error TS17004: Cannot use JSX unless the '--jsx' flag is provided.
src/pages/staff/ServiceManager.tsx(691,163): error TS17004: Cannot use JSX unless the '--jsx' flag is provided.
src/pages/staff/ServiceManager.tsx(695,33): error TS17004: Cannot use JSX unless the '--jsx' flag is provided.
src/pages/staff/ServiceManager.tsx(696,33): error TS17004: Cannot use JSX unless the '--jsx' flag is provided.
src/pages/staff/ServiceManager.tsx(697,33): error TS17004: Cannot use JSX unless the '--jsx' flag is provided.
src/pages/staff/ServiceManager.tsx(698,33): error TS17004: Cannot use JSX unless the '--jsx' flag is provided.
src/pages/staff/ServiceManager.tsx(699,33): error TS17004: Cannot use JSX unless the '--jsx' flag is provided.
src/pages/staff/ServiceManager.tsx(700,33): error TS17004: Cannot use JSX unless the '--jsx' flag is provided.
src/pages/staff/ServiceManager.tsx(703,25): error TS17004: Cannot use JSX unless the '--jsx' flag is provided.
src/pages/staff/ServiceManager.tsx(705,33): error TS17004: Cannot use JSX unless the '--jsx' flag is provided.
src/pages/staff/ServiceManager.tsx(706,37): error TS17004: Cannot use JSX unless the '--jsx' flag is provided.
src/pages/staff/ServiceManager.tsx(707,41): error TS17004: Cannot use JSX unless the '--jsx' flag is provided.
src/pages/staff/ServiceManager.tsx(711,33): error TS17004: Cannot use JSX unless the '--jsx' flag is provided.
src/pages/staff/ServiceManager.tsx(712,37): error TS17004: Cannot use JSX unless the '--jsx' flag is provided.
src/pages/staff/ServiceManager.tsx(713,41): error TS17004: Cannot use JSX unless the '--jsx' flag is provided.
src/pages/staff/ServiceManager.tsx(714,45): error TS17004: Cannot use JSX unless the '--jsx' flag is provided.
src/pages/staff/ServiceManager.tsx(715,45): error TS17004: Cannot use JSX unless the '--jsx' flag is provided.
src/pages/staff/ServiceManager.tsx(720,33): error TS17004: Cannot use JSX unless the '--jsx' flag is provided.
src/pages/staff/ServiceManager.tsx(724,37): error TS17004: Cannot use JSX unless the '--jsx' flag is provided.
src/pages/staff/ServiceManager.tsx(726,45): error TS17004: Cannot use JSX unless the '--jsx' flag is provided.
src/pages/staff/ServiceManager.tsx(730,85): error TS17004: Cannot use JSX unless the '--jsx' flag is provided.
src/pages/staff/ServiceManager.tsx(730,129): error TS17004: Cannot use JSX unless the '--jsx' flag is provided.
src/pages/staff/ServiceManager.tsx(734,37): error TS17004: Cannot use JSX unless the '--jsx' flag is provided.
src/pages/staff/ServiceManager.tsx(735,41): error TS17004: Cannot use JSX unless the '--jsx' flag is provided.
src/pages/staff/ServiceManager.tsx(736,45): error TS17004: Cannot use JSX unless the '--jsx' flag is provided.
src/pages/staff/ServiceManager.tsx(737,49): error TS17004: Cannot use JSX unless the '--jsx' flag is provided.
src/pages/staff/ServiceManager.tsx(739,45): error TS17004: Cannot use JSX unless the '--jsx' flag is provided.
src/pages/staff/ServiceManager.tsx(740,49): error TS17004: Cannot use JSX unless the '--jsx' flag is provided.
src/pages/staff/ServiceManager.tsx(741,53): error TS17004: Cannot use JSX unless the '--jsx' flag is provided.
src/pages/staff/ServiceManager.tsx(742,53): error TS17004: Cannot use JSX unless the '--jsx' flag is provided.
src/pages/staff/ServiceManager.tsx(747,53): error TS17004: Cannot use JSX unless the '--jsx' flag is provided.
src/pages/staff/ServiceManager.tsx(752,37): error TS17004: Cannot use JSX unless the '--jsx' flag is provided.
src/pages/staff/ServiceManager.tsx(753,41): error TS17004: Cannot use JSX unless the '--jsx' flag is provided.
src/pages/staff/ServiceManager.tsx(757,37): error TS17004: Cannot use JSX unless the '--jsx' flag is provided.
src/pages/staff/ServiceManager.tsx(758,41): error TS17004: Cannot use JSX unless the '--jsx' flag is provided.
src/pages/staff/ServiceManager.tsx(760,49): error TS17004: Cannot use JSX unless the '--jsx' flag is provided.
src/pages/staff/ServiceManager.tsx(761,53): error TS17004: Cannot use JSX unless the '--jsx' flag is provided.
src/pages/staff/ServiceManager.tsx(761,71): error TS17004: Cannot use JSX unless the '--jsx' flag is provided.
src/pages/staff/ServiceManager.tsx(764,49): error TS17004: Cannot use JSX unless the '--jsx' flag is provided.
src/pages/staff/ServiceManager.tsx(765,53): error TS17004: Cannot use JSX unless the '--jsx' flag is provided.
src/pages/staff/ServiceManager.tsx(765,71): error TS17004: Cannot use JSX unless the '--jsx' flag is provided.
src/pages/staff/ServiceManager.tsx(768,49): error TS17004: Cannot use JSX unless the '--jsx' flag is provided.
src/pages/staff/ServiceManager.tsx(769,53): error TS17004: Cannot use JSX unless the '--jsx' flag is provided.
src/pages/staff/ServiceManager.tsx(769,100): error TS17004: Cannot use JSX unless the '--jsx' flag is provided.
src/pages/staff/ServiceManager.tsx(774,37): error TS17004: Cannot use JSX unless the '--jsx' flag is provided.
src/pages/staff/ServiceManager.tsx(775,41): error TS17004: Cannot use JSX unless the '--jsx' flag is provided.
src/pages/staff/ServiceManager.tsx(776,45): error TS17004: Cannot use JSX unless the '--jsx' flag is provided.
src/pages/staff/ServiceManager.tsx(777,45): error TS17004: Cannot use JSX unless the '--jsx' flag is provided.
src/pages/staff/ServiceManager.tsx(777,114): error TS17004: Cannot use JSX unless the '--jsx' flag is provided.
src/pages/staff/ServiceManager.tsx(777,160): error TS17004: Cannot use JSX unless the '--jsx' flag is provided.
src/pages/staff/ServiceManager.tsx(780,37): error TS17004: Cannot use JSX unless the '--jsx' flag is provided.
src/pages/staff/ServiceManager.tsx(781,41): error TS17004: Cannot use JSX unless the '--jsx' flag is provided.
src/pages/staff/ServiceManager.tsx(785,37): error TS17004: Cannot use JSX unless the '--jsx' flag is provided.
src/pages/staff/ServiceManager.tsx(786,41): error TS17004: Cannot use JSX unless the '--jsx' flag is provided.
src/pages/staff/ServiceManager.tsx(788,49): error TS17004: Cannot use JSX unless the '--jsx' flag is provided.
src/pages/staff/ServiceManager.tsx(789,53): error TS17004: Cannot use JSX unless the '--jsx' flag is provided.
src/pages/staff/ServiceManager.tsx(794,57): error TS17004: Cannot use JSX unless the '--jsx' flag is provided.
src/pages/staff/ServiceManager.tsx(796,53): error TS17004: Cannot use JSX unless the '--jsx' flag is provided.
src/pages/staff/ServiceManager.tsx(801,57): error TS17004: Cannot use JSX unless the '--jsx' flag is provided.
src/pages/staff/ServiceManager.tsx(805,49): error TS17004: Cannot use JSX unless the '--jsx' flag is provided.
src/pages/staff/ServiceManager.tsx(806,53): error TS17004: Cannot use JSX unless the '--jsx' flag is provided.
src/pages/staff/ServiceManager.tsx(811,57): error TS17004: Cannot use JSX unless the '--jsx' flag is provided.
src/pages/staff/ServiceManager.tsx(813,53): error TS17004: Cannot use JSX unless the '--jsx' flag is provided.
src/pages/staff/ServiceManager.tsx(818,57): error TS17004: Cannot use JSX unless the '--jsx' flag is provided.
src/pages/staff/ServiceManager.tsx(820,53): error TS17004: Cannot use JSX unless the '--jsx' flag is provided.
src/pages/staff/ServiceManager.tsx(825,57): error TS17004: Cannot use JSX unless the '--jsx' flag is provided.
src/pages/staff/ServiceManager.tsx(837,17): error TS17004: Cannot use JSX unless the '--jsx' flag is provided.
src/pages/staff/ServiceManager.tsx(839,25): error TS17004: Cannot use JSX unless the '--jsx' flag is provided.
src/pages/staff/ServiceManager.tsx(840,29): error TS17004: Cannot use JSX unless the '--jsx' flag is provided.
src/pages/staff/ServiceManager.tsx(843,25): error TS17004: Cannot use JSX unless the '--jsx' flag is provided.
src/pages/staff/ServiceManager.tsx(844,29): error TS17004: Cannot use JSX unless the '--jsx' flag is provided.
src/pages/staff/ServiceManager.tsx(845,29): error TS17004: Cannot use JSX unless the '--jsx' flag is provided.
src/pages/staff/ServiceManager.tsx(848,25): error TS17004: Cannot use JSX unless the '--jsx' flag is provided.
src/pages/staff/ServiceManager.tsx(855,29): error TS17004: Cannot use JSX unless the '--jsx' flag is provided.
src/pages/staff/ServiceManager.tsx(856,33): error TS17004: Cannot use JSX unless the '--jsx' flag is provided.
src/pages/staff/ServiceManager.tsx(857,37): error TS17004: Cannot use JSX unless the '--jsx' flag is provided.
src/pages/staff/ServiceManager.tsx(859,33): error TS17004: Cannot use JSX unless the '--jsx' flag is provided.
src/pages/staff/ServiceManager.tsx(861,41): error TS17004: Cannot use JSX unless the '--jsx' flag is provided.
src/pages/staff/ServiceManager.tsx(865,81): error TS17004: Cannot use JSX unless the '--jsx' flag is provided.
src/pages/staff/ServiceManager.tsx(865,125): error TS17004: Cannot use JSX unless the '--jsx' flag is provided.
src/pages/staff/ServiceManager.tsx(869,41): error TS17004: Cannot use JSX unless the '--jsx' flag is provided.
src/pages/staff/ServiceManager.tsx(870,45): error TS17004: Cannot use JSX unless the '--jsx' flag is provided.
src/pages/staff/ServiceManager.tsx(871,49): error TS17004: Cannot use JSX unless the '--jsx' flag is provided.
src/pages/staff/ServiceManager.tsx(873,45): error TS17004: Cannot use JSX unless the '--jsx' flag is provided.
src/pages/staff/ServiceManager.tsx(874,49): error TS17004: Cannot use JSX unless the '--jsx' flag is provided.
src/pages/staff/ServiceManager.tsx(878,41): error TS17004: Cannot use JSX unless the '--jsx' flag is provided.
src/pages/staff/ServiceManager.tsx(879,45): error TS17004: Cannot use JSX unless the '--jsx' flag is provided.
src/pages/staff/ServiceManager.tsx(880,49): error TS17004: Cannot use JSX unless the '--jsx' flag is provided.
src/pages/staff/ServiceManager.tsx(882,45): error TS17004: Cannot use JSX unless the '--jsx' flag is provided.
src/pages/staff/ServiceManager.tsx(883,49): error TS17004: Cannot use JSX unless the '--jsx' flag is provided.
src/pages/staff/ServiceManager.tsx(885,45): error TS17004: Cannot use JSX unless the '--jsx' flag is provided.
src/pages/staff/ServiceManager.tsx(886,49): error TS17004: Cannot use JSX unless the '--jsx' flag is provided.
src/pages/staff/ServiceManager.tsx(893,29): error TS17004: Cannot use JSX unless the '--jsx' flag is provided.
src/pages/staff/ServiceManager.tsx(894,29): error TS17004: Cannot use JSX unless the '--jsx' flag is provided.
src/pages/staff/ServiceManager.tsx(895,29): error TS17004: Cannot use JSX unless the '--jsx' flag is provided.
src/pages/staff/ServiceManager.tsx(897,29): error TS17004: Cannot use JSX unless the '--jsx' flag is provided.
src/pages/staff/ServiceManager.tsx(898,33): error TS17004: Cannot use JSX unless the '--jsx' flag is provided.
src/pages/staff/ServiceManager.tsx(899,37): error TS17004: Cannot use JSX unless the '--jsx' flag is provided.
src/pages/staff/ServiceManager.tsx(900,37): error TS17004: Cannot use JSX unless the '--jsx' flag is provided.
src/pages/staff/ServiceManager.tsx(902,33): error TS17004: Cannot use JSX unless the '--jsx' flag is provided.
src/pages/staff/ServiceManager.tsx(903,37): error TS17004: Cannot use JSX unless the '--jsx' flag is provided.
src/pages/staff/ServiceManager.tsx(913,17): error TS17004: Cannot use JSX unless the '--jsx' flag is provided.
src/pages/staff/ServiceManager.tsx(914,21): error TS17004: Cannot use JSX unless the '--jsx' flag is provided.
src/pages/staff/ServiceManager.tsx(915,21): error TS17004: Cannot use JSX unless the '--jsx' flag is provided.
src/pages/staff/ServiceManager.tsx(920,25): error TS17004: Cannot use JSX unless the '--jsx' flag is provided.
src/pages/staff/ServiceManager.tsx(921,25): error TS17004: Cannot use JSX unless the '--jsx' flag is provided.
src/pages/staff/ServiceManager.tsx(922,29): error TS17004: Cannot use JSX unless the '--jsx' flag is provided.
src/pages/staff/ServiceManager.tsx(923,33): error TS17004: Cannot use JSX unless the '--jsx' flag is provided.
src/pages/staff/ServiceManager.tsx(924,33): error TS17004: Cannot use JSX unless the '--jsx' flag is provided.
src/pages/staff/ServiceManager.tsx(932,29): error TS17004: Cannot use JSX unless the '--jsx' flag is provided.
src/pages/staff/ServiceManager.tsx(933,33): error TS17004: Cannot use JSX unless the '--jsx' flag is provided.
src/pages/staff/ServiceManager.tsx(934,33): error TS17004: Cannot use JSX unless the '--jsx' flag is provided.
src/pages/staff/ServiceManager.tsx(941,29): error TS17004: Cannot use JSX unless the '--jsx' flag is provided.
src/pages/staff/ServiceManager.tsx(942,33): error TS17004: Cannot use JSX unless the '--jsx' flag is provided.
src/pages/staff/ServiceManager.tsx(943,37): error TS17004: Cannot use JSX unless the '--jsx' flag is provided.
src/pages/staff/ServiceManager.tsx(944,37): error TS17004: Cannot use JSX unless the '--jsx' flag is provided.
src/pages/staff/ServiceManager.tsx(945,41): error TS17004: Cannot use JSX unless the '--jsx' flag is provided.
src/pages/staff/ServiceManager.tsx(946,41): error TS17004: Cannot use JSX unless the '--jsx' flag is provided.
src/pages/staff/ServiceManager.tsx(959,33): error TS17004: Cannot use JSX unless the '--jsx' flag is provided.
src/pages/staff/ServiceManager.tsx(960,37): error TS17004: Cannot use JSX unless the '--jsx' flag is provided.
src/pages/staff/ServiceManager.tsx(961,37): error TS17004: Cannot use JSX unless the '--jsx' flag is provided.
src/pages/staff/ServiceManager.tsx(973,29): error TS17004: Cannot use JSX unless the '--jsx' flag is provided.
src/pages/staff/ServiceManager.tsx(974,33): error TS17004: Cannot use JSX unless the '--jsx' flag is provided.
src/pages/staff/ServiceManager.tsx(975,33): error TS17004: Cannot use JSX unless the '--jsx' flag is provided.
src/pages/staff/ServiceManager.tsx(976,37): error TS17004: Cannot use JSX unless the '--jsx' flag is provided.
src/pages/staff/ServiceManager.tsx(977,41): error TS17004: Cannot use JSX unless the '--jsx' flag is provided.
src/pages/staff/ServiceManager.tsx(985,41): error TS17004: Cannot use JSX unless the '--jsx' flag is provided.
src/pages/staff/ServiceManager.tsx(986,41): error TS17004: Cannot use JSX unless the '--jsx' flag is provided.
src/pages/staff/ServiceManager.tsx(988,37): error TS17004: Cannot use JSX unless the '--jsx' flag is provided.
src/pages/staff/ServiceManager.tsx(989,41): error TS17004: Cannot use JSX unless the '--jsx' flag is provided.
src/pages/staff/ServiceManager.tsx(997,41): error TS17004: Cannot use JSX unless the '--jsx' flag is provided.
src/pages/staff/ServiceManager.tsx(998,41): error TS17004: Cannot use JSX unless the '--jsx' flag is provided.
src/pages/staff/ServiceManager.tsx(1003,29): error TS17004: Cannot use JSX unless the '--jsx' flag is provided.
src/pages/staff/ServiceManager.tsx(1004,33): error TS17004: Cannot use JSX unless the '--jsx' flag is provided.
src/pages/staff/ServiceManager.tsx(1005,33): error TS17004: Cannot use JSX unless the '--jsx' flag is provided.
src/pages/staff/ServiceManager.tsx(1010,37): error TS17004: Cannot use JSX unless the '--jsx' flag is provided.
src/pages/staff/ServiceManager.tsx(1012,41): error TS17004: Cannot use JSX unless the '--jsx' flag is provided.
src/pages/staff/ServiceManager.tsx(1015,33): error TS17004: Cannot use JSX unless the '--jsx' flag is provided.
src/pages/staff/ServiceManager.tsx(1018,29): error TS17004: Cannot use JSX unless the '--jsx' flag is provided.
src/pages/staff/ServiceManager.tsx(1019,33): error TS17004: Cannot use JSX unless the '--jsx' flag is provided.
src/pages/staff/ServiceManager.tsx(1020,33): error TS17004: Cannot use JSX unless the '--jsx' flag is provided.
src/pages/staff/ServiceManager.tsx(1030,21): error TS17004: Cannot use JSX unless the '--jsx' flag is provided.
src/pages/staff/ServiceManager.tsx(1031,25): error TS17004: Cannot use JSX unless the '--jsx' flag is provided.
src/pages/staff/ServiceManager.tsx(1032,25): error TS17004: Cannot use JSX unless the '--jsx' flag is provided.
src/pages/staff/ServiceManager.tsx(1037,29): error TS17004: Cannot use JSX unless the '--jsx' flag is provided.
src/pages/staff/ServiceManager.tsx(1038,29): error TS17004: Cannot use JSX unless the '--jsx' flag is provided.
src/pages/staff/ServiceManager.tsx(1038,155): error TS17004: Cannot use JSX unless the '--jsx' flag is provided.
src/pages/staff/ServiceManager.tsx(1039,33): error TS17004: Cannot use JSX unless the '--jsx' flag is provided.
src/pages/staff/ServiceManager.tsx(1042,29): error TS17004: Cannot use JSX unless the '--jsx' flag is provided.
src/pages/staff/ServiceManager.tsx(1043,33): error TS17004: Cannot use JSX unless the '--jsx' flag is provided.
src/pages/staff/ServiceManager.tsx(1049,33): error TS17004: Cannot use JSX unless the '--jsx' flag is provided.
src/pages/staff/ServiceManager.tsx(1050,37): error TS17004: Cannot use JSX unless the '--jsx' flag is provided.
src/pages/staff/ServiceManager.tsx(1051,37): error TS17004: Cannot use JSX unless the '--jsx' flag is provided.
src/services/api.ts(6,20): error TS1343: The 'import.meta' meta-property is only allowed when the '--module' option is 'es2020', 'es2022', 'esnext', 'system', 'node16', 'node18', 'node20', or 'nodenext'.
src/services/api.ts(6,32): error TS2339: Property 'env' does not exist on type 'ImportMeta'.
src/services/api.ts(9,9): error TS1343: The 'import.meta' meta-property is only allowed when the '--module' option is 'es2020', 'es2022', 'esnext', 'system', 'node16', 'node18', 'node20', or 'nodenext'.
src/services/api.ts(9,21): error TS2339: Property 'env' does not exist on type 'ImportMeta'.
