node.exe : FAIL src/__tests__/health.test.ts
No linha:1 caractere:1
+ & "C:\Program Files\nodejs/node.exe" "C:\Program 
Files\nodejs/node_mo ...
+ ~~~~~~~~~~~~~~~~~~~~~~~~~~~~~~~~~~~~~~~~~~~~~~~~~~~~~~~
~~~~~~~~~~~~~~
    + CategoryInfo          : NotSpecified: (FAIL src/__ 
   tests__/health.test.ts:String) [], RemoteException
    + FullyQualifiedErrorId : NativeCommandError
 
  ÔùÅ Test suite failed to run

    [96msrc/controllers/managementController.ts[0m:[93
m482[0m:[93m13[0m - [91merror[0m[90m TS2322: 
[0mType '{ role: string; permissions: any; label: any; 
}' is not assignable to type 
'(Without<RolePermissionCreateInput, 
RolePermissionUncheckedCreateInput> & 
RolePermissionUncheckedCreateInput) | (Without<...> & 
RolePermissionCreateInput)'.
      Type '{ role: string; permissions: any; label: 
any; }' is not assignable to type 
'Without<RolePermissionUncheckedCreateInput, 
RolePermissionCreateInput> & RolePermissionCreateInput'.
        Property 'updatedAt' is missing in type '{ role: 
string; permissions: any; label: any; }' but required in 
type 'RolePermissionCreateInput'.

    [7m482[0m             create: { role, permissions, 
label: label || role }
    [7m   [0m [91m            ~~~~~~[0m

      [96mnode_modules/.prisma/client/index.d.ts[0m:[9
3m28928[0m:[93m5[0m
        [7m28928[0m     updatedAt: Date | string
        [7m     [0m [96m    ~~~~~~~~~[0m
        'updatedAt' is declared here.
      [96mnode_modules/.prisma/client/index.d.ts[0m:[9
3m22474[0m:[93m5[0m
        [7m22474[0m     create: 
XOR<RolePermissionCreateInput, 
RolePermissionUncheckedCreateInput>
        [7m     [0m [96m    ~~~~~~[0m
        The expected type comes from property 'create' 
which is declared here on type '{ select?: 
RolePermissionSelect<DefaultArgs> | null | undefined; 
omit?: RolePermissionOmit<DefaultArgs> | null | 
undefined; where: RolePermissionWhereUniqueInput; 
create: (Without<...> & 
RolePermissionUncheckedCreateInput) | (Without<...> & 
RolePermissionCreateInput); update: (Without<...> & 
RolePermissionUncheckedU...'

Test Suites: 1 failed, 1 total
Tests:       0 total
Snapshots:   0 total
Time:        8.218 s
Ran all test suites matching 
src/__tests__/health.test.ts.
